[demo.hasthemes.com/nelson-preview/nelson/index.php]
[backblue.gif]
[fade.gif]
[index.php]
[demo.hasthemes.com/nelson-preview/nelson/assets/images/favicon.ico]
[demo.hasthemes.com/nelson-preview/nelson/assets/css/vendor/bootstrap.min.css]
[demo.hasthemes.com/nelson-preview/nelson/assets/css/vendor/iconfont.min.css]
[demo.hasthemes.com/nelson-preview/nelson/assets/css/vendor/helper.css]
[demo.hasthemes.com/nelson-preview/nelson/assets/css/plugins/plugins.css]
[demo.hasthemes.com/nelson-preview/nelson/assets/css/style.css]
[demo.hasthemes.com/nelson-preview/nelson/assets/js/vendor/modernizr-2.8.3.min.js]
[demo.hasthemes.com/nelson-preview/nelson/assets/images/logo.png]
[demo.hasthemes.com/nelson-preview/nelson/index-2.php]
[demo.hasthemes.com/nelson-preview/nelson/shop.php]
[demo.hasthemes.com/nelson-preview/nelson/about.php]
[demo.hasthemes.com/nelson-preview/nelson/compare.php]
[demo.hasthemes.com/nelson-preview/nelson/cart.php]
[demo.hasthemes.com/nelson-preview/nelson/checkout.php]
[demo.hasthemes.com/nelson-preview/nelson/wishlist.php]
[demo.hasthemes.com/nelson-preview/nelson/my-account.php]
[demo.hasthemes.com/nelson-preview/nelson/login-register.php]
[demo.hasthemes.com/nelson-preview/nelson/faq.php]
[demo.hasthemes.com/nelson-preview/nelson/404.php]
[demo.hasthemes.com/nelson-preview/nelson/shop-three-column.php]
[demo.hasthemes.com/nelson-preview/nelson/shop-four-column.php]
[demo.hasthemes.com/nelson-preview/nelson/shop-right-sidebar.php]
[demo.hasthemes.com/nelson-preview/nelson/shop-list-nosidebar.php]
[demo.hasthemes.com/nelson-preview/nelson/shop-list-left-sidebar.php]
[demo.hasthemes.com/nelson-preview/nelson/single-product.php]
[demo.hasthemes.com/nelson-preview/nelson/shop-list-right-sidebar.php]
[demo.hasthemes.com/nelson-preview/nelson/single-product-variable.php]
[demo.hasthemes.com/nelson-preview/nelson/single-product-affiliate.php]
[demo.hasthemes.com/nelson-preview/nelson/single-product-group.php]
[demo.hasthemes.com/nelson-preview/nelson/single-product-tabstyle-2.php]
[demo.hasthemes.com/nelson-preview/nelson/single-product-tabstyle-3.php]
[demo.hasthemes.com/nelson-preview/nelson/single-product-gallery-left.php]
[demo.hasthemes.com/nelson-preview/nelson/single-product-gallery-right.php]
[demo.hasthemes.com/nelson-preview/nelson/single-product-sticky-left.php]
[demo.hasthemes.com/nelson-preview/nelson/single-product-sticky-right.php]
[demo.hasthemes.com/nelson-preview/nelson/single-product-slider-box.php]
[demo.hasthemes.com/nelson-preview/nelson/blog.php]
[demo.hasthemes.com/nelson-preview/nelson/blog-two-column.php]
[demo.hasthemes.com/nelson-preview/nelson/blog-left-sidebar.php]
[demo.hasthemes.com/nelson-preview/nelson/blog-right-sidebar.php]
[demo.hasthemes.com/nelson-preview/nelson/blog-details.php]
[demo.hasthemes.com/nelson-preview/nelson/blog-details-gallery.php]
[demo.hasthemes.com/nelson-preview/nelson/blog-details-audio.php]
[demo.hasthemes.com/nelson-preview/nelson/blog-details-video.php]
[demo.hasthemes.com/nelson-preview/nelson/contact.php]
[demo.hasthemes.com/nelson-preview/nelson/assets/images/icons/en-gb.png]
[demo.hasthemes.com/nelson-preview/nelson/assets/images/icons/de-de.png]
[demo.hasthemes.com/nelson-preview/nelson/assets/images/cart/cart1.jpg]
[demo.hasthemes.com/nelson-preview/nelson/assets/images/cart/cart2.jpg]
[demo.hasthemes.com/nelson-preview/nelson/assets/images/hero/hero-1.jpg]
[demo.hasthemes.com/nelson-preview/nelson/assets/images/hero/hero-2.jpg]
[demo.hasthemes.com/nelson-preview/nelson/assets/images/banner/banner1.jpg]
[demo.hasthemes.com/nelson-preview/nelson/shop-left-sidebar.php]
[demo.hasthemes.com/nelson-preview/nelson/assets/images/banner/banner2.jpg]
[demo.hasthemes.com/nelson-preview/nelson/assets/images/product/product-1.jpg]
[demo.hasthemes.com/nelson-preview/nelson/assets/images/product/product-2.jpg]
[demo.hasthemes.com/nelson-preview/nelson/wishlit.php]
[demo.hasthemes.com/nelson-preview/nelson/assets/images/product/product-3.jpg]
[demo.hasthemes.com/nelson-preview/nelson/assets/images/product/product-4.jpg]
[demo.hasthemes.com/nelson-preview/nelson/assets/images/product/product-5.jpg]
[demo.hasthemes.com/nelson-preview/nelson/assets/images/product/product-6.jpg]
[demo.hasthemes.com/nelson-preview/nelson/assets/images/product/product-7.jpg]
[demo.hasthemes.com/nelson-preview/nelson/assets/images/product/product-8.jpg]
[demo.hasthemes.com/nelson-preview/nelson/assets/images/product/product-9.jpg]
[demo.hasthemes.com/nelson-preview/nelson/assets/images/product/product-10.jpg]
[demo.hasthemes.com/nelson-preview/nelson/assets/images/product/product-11.jpg]
[demo.hasthemes.com/nelson-preview/nelson/assets/images/product/product-12.jpg]
[demo.hasthemes.com/nelson-preview/nelson/assets/images/product/product-13.jpg]
[demo.hasthemes.com/nelson-preview/nelson/assets/images/product/product-14.jpg]
[demo.hasthemes.com/nelson-preview/nelson/assets/images/product/product-15.jpg]
[demo.hasthemes.com/nelson-preview/nelson/assets/images/product/product-16.jpg]
[demo.hasthemes.com/nelson-preview/nelson/assets/images/banner/banner3.jpg]
[demo.hasthemes.com/nelson-preview/nelson/assets/images/icons/feature-1.png]
[demo.hasthemes.com/nelson-preview/nelson/assets/images/icons/feature-2.png]
[demo.hasthemes.com/nelson-preview/nelson/assets/images/icons/feature-3.png]
[demo.hasthemes.com/nelson-preview/nelson/assets/images/blog/blog-1.jpg]
[demo.hasthemes.com/nelson-preview/nelson/assets/images/blog/blog-2.jpg]
[demo.hasthemes.com/nelson-preview/nelson/assets/images/blog/blog-3.jpg]
[demo.hasthemes.com/nelson-preview/nelson/assets/images/testimonial/testimonial-2.png]
[demo.hasthemes.com/nelson-preview/nelson/assets/images/author/author-1.png]
[demo.hasthemes.com/nelson-preview/nelson/assets/images/testimonial/testimonial-1.png]
[demo.hasthemes.com/nelson-preview/nelson/assets/images/brands/brand-1.png]
[demo.hasthemes.com/nelson-preview/nelson/assets/images/brands/brand-2.png]
[demo.hasthemes.com/nelson-preview/nelson/assets/images/brands/brand-3.png]
[demo.hasthemes.com/nelson-preview/nelson/assets/images/brands/brand-4.png]
[demo.hasthemes.com/nelson-preview/nelson/assets/images/brands/brand-5.png]
[demo.hasthemes.com/nelson-preview/nelson/assets/images/payment.png]
[demo.hasthemes.com/nelson-preview/nelson/assets/images/product/large-product/l-product-1.jpg]
[demo.hasthemes.com/nelson-preview/nelson/assets/images/product/large-product/l-product-2.jpg]
[demo.hasthemes.com/nelson-preview/nelson/assets/images/product/large-product/l-product-3.jpg]
[demo.hasthemes.com/nelson-preview/nelson/assets/images/product/large-product/l-product-4.jpg]
[demo.hasthemes.com/nelson-preview/nelson/assets/images/product/large-product/l-product-5.jpg]
[demo.hasthemes.com/nelson-preview/nelson/assets/images/product/small-product/s-product-1.jpg]
[demo.hasthemes.com/nelson-preview/nelson/assets/images/product/small-product/s-product-2.jpg]
[demo.hasthemes.com/nelson-preview/nelson/assets/images/product/small-product/s-product-3.jpg]
[demo.hasthemes.com/nelson-preview/nelson/assets/images/product/small-product/s-product-4.jpg]
[demo.hasthemes.com/nelson-preview/nelson/assets/images/product/small-product/s-product-5.jpg]
[demo.hasthemes.com/nelson-preview/nelson/assets/js/vendor/jquery-1.12.4.min.js]
[demo.hasthemes.com/nelson-preview/nelson/assets/js/vendor/popper.min.js]
[demo.hasthemes.com/nelson-preview/nelson/assets/js/vendor/bootstrap.min.js]
[demo.hasthemes.com/nelson-preview/nelson/assets/js/plugins/plugins.js]
[demo.hasthemes.com/nelson-preview/nelson/index.php]
[demo.hasthemes.com/nelson-preview/nelson/assets/css/vendor/bootstrap.min.css]
[demo.hasthemes.com/nelson-preview/nelson/assets/js/main.js]
[demo.hasthemes.com/nelson-preview/nelson/assets/fonts/fontawesome-webfont3e6e.eot]
[demo.hasthemes.com/nelson-preview/nelson/assets/fonts/fontawesome-webfontd41d.eot]
[demo.hasthemes.com/nelson-preview/nelson/assets/fonts/fontawesome-webfont3e6e.woff2]
[demo.hasthemes.com/nelson-preview/nelson/assets/fonts/fontawesome-webfont3e6e.woff]
[demo.hasthemes.com/nelson-preview/nelson/assets/fonts/fontawesome-webfont3e6e.svg]
[demo.hasthemes.com/nelson-preview/nelson/assets/fonts/Flaticon.eot]
[demo.hasthemes.com/nelson-preview/nelson/assets/fonts/Flaticond41d.eot]
[demo.hasthemes.com/nelson-preview/nelson/assets/fonts/Flaticon.woff2]
[demo.hasthemes.com/nelson-preview/nelson/assets/fonts/Flaticon.woff]
[demo.hasthemes.com/nelson-preview/nelson/assets/fonts/Flaticon.ttf]
[demo.hasthemes.com/nelson-preview/nelson/assets/css/vendor/iconfont.min.css]
[demo.hasthemes.com/nelson-preview/nelson/assets/css/vendor/helper.css]
[demo.hasthemes.com/nelson-preview/nelson/assets/fonts/Flaticon.svg]
[demo.hasthemes.com/nelson-preview/nelson/assets/css/plugins/plugins.css]
[demo.hasthemes.com/nelson-preview/nelson/assets/css/style.css]
[demo.hasthemes.com/nelson-preview/nelson/assets/images/hero/hero-3.jpg]
[demo.hasthemes.com/nelson-preview/nelson/assets/images/hero/hero-4.jpg]
[demo.hasthemes.com/nelson-preview/nelson/assets/images/banner/banner4.jpg]
[demo.hasthemes.com/nelson-preview/nelson/assets/images/banner/banner5.jpg]
[demo.hasthemes.com/nelson-preview/nelson/assets/images/banner/banner6.jpg]
[demo.hasthemes.com/nelson-preview/nelson/assets/images/banner/banner7.jpg]
[demo.hasthemes.com/nelson-preview/nelson/assets/images/banner/banner8.jpg]
[demo.hasthemes.com/nelson-preview/nelson/assets/images/banner/banner9.jpg]
[demo.hasthemes.com/nelson-preview/nelson/index-2.php]
[demo.hasthemes.com/nelson-preview/nelson/assets/images/bg/breadcrumb.png]
[demo.hasthemes.com/nelson-preview/nelson/shop.php]
[demo.hasthemes.com/nelson-preview/nelson/assets/images/blog/blog-6.jpg]
[demo.hasthemes.com/nelson-preview/nelson/assets/images/team/team-1.jpg]
[demo.hasthemes.com/nelson-preview/nelson/assets/images/team/team-2.jpg]
[demo.hasthemes.com/nelson-preview/nelson/assets/images/team/team-3.jpg]
[demo.hasthemes.com/nelson-preview/nelson/about.php]
[demo.hasthemes.com/nelson-preview/nelson/compare.php]
[demo.hasthemes.com/nelson-preview/nelson/cart.php]
[demo.hasthemes.com/nelson-preview/nelson/checkout.php]
[demo.hasthemes.com/nelson-preview/nelson/wishlist.php]
[demo.hasthemes.com/nelson-preview/nelson/my-account.php]
[demo.hasthemes.com/nelson-preview/nelson/login-register.php]
[demo.hasthemes.com/nelson-preview/nelson/faq.php]
[demo.hasthemes.com/nelson-preview/nelson/404.php]
[demo.hasthemes.com/nelson-preview/nelson/shop-three-column.php]
[demo.hasthemes.com/nelson-preview/nelson/shop-four-column.php]
[demo.hasthemes.com/nelson-preview/nelson/shop-right-sidebar.php]
[demo.hasthemes.com/nelson-preview/nelson/shop-list-nosidebar.php]
[demo.hasthemes.com/nelson-preview/nelson/shop-list-left-sidebar.php]
[demo.hasthemes.com/nelson-preview/nelson/shop-list-right-sidebar.php]
[demo.hasthemes.com/nelson-preview/nelson/assets/images/icons/author.png]
[demo.hasthemes.com/nelson-preview/nelson/single-product.php]
[demo.hasthemes.com/nelson-preview/nelson/single-product-variable.php]
[demo.hasthemes.com/nelson-preview/nelson/single-product-affiliate.php]
[demo.hasthemes.com/nelson-preview/nelson/single-product-group.php]
[demo.hasthemes.com/nelson-preview/nelson/single-product-tabstyle-2.php]
[demo.hasthemes.com/nelson-preview/nelson/single-product-tabstyle-3.php]
[demo.hasthemes.com/nelson-preview/nelson/single-product-gallery-left.php]
[demo.hasthemes.com/nelson-preview/nelson/single-product-gallery-right.php]
[demo.hasthemes.com/nelson-preview/nelson/single-product-sticky-left.php]
[demo.hasthemes.com/nelson-preview/nelson/single-product-sticky-right.php]
[demo.hasthemes.com/nelson-preview/nelson/single-product-slider-box.php]
[demo.hasthemes.com/nelson-preview/nelson/blog.php]
[demo.hasthemes.com/nelson-preview/nelson/blog-two-column.php]
[demo.hasthemes.com/nelson-preview/nelson/assets/images/rc-post/blog1.jpg]
[demo.hasthemes.com/nelson-preview/nelson/assets/images/rc-post/blog2.jpg]
[demo.hasthemes.com/nelson-preview/nelson/assets/images/rc-post/blog3.jpg]
[demo.hasthemes.com/nelson-preview/nelson/assets/images/rc-post/blog4.jpg]
[demo.hasthemes.com/nelson-preview/nelson/blog-left-sidebar.php]
[demo.hasthemes.com/nelson-preview/nelson/blog-right-sidebar.php]
[demo.hasthemes.com/nelson-preview/nelson/assets/images/blog/blog-5.jpg]
[demo.hasthemes.com/nelson-preview/nelson/assets/images/blog/blog-7.jpg]
[demo.hasthemes.com/nelson-preview/nelson/assets/images/author/author2.jpg]
[demo.hasthemes.com/nelson-preview/nelson/assets/images/author/author3.jpg]
[demo.hasthemes.com/nelson-preview/nelson/assets/images/author/author4.jpg]
[demo.hasthemes.com/nelson-preview/nelson/blog-details.php]
[demo.hasthemes.com/nelson-preview/nelson/blog-details-gallery.php]
[demo.hasthemes.com/nelson-preview/nelson/blog-details-audio.php]
[demo.hasthemes.com/nelson-preview/nelson/blog-details-video.php]
[demo.hasthemes.com/nelson-preview/nelson/contact.php]
[demo.hasthemes.com/nelson-preview/nelson/shop-left-sidebar.php]
[demo.hasthemes.com/nelson-preview/nelson/wishlit.php]
[demo.hasthemes.com/nelson-preview/nelson/assets/css/fonts/fontawesome-webfont3e6e.ttf]
[demo.hasthemes.com/nelson-preview/nelson/assets/fonts/fontawesome-webfont3e6e.svg]
[demo.hasthemes.com/nelson-preview/nelson/assets/fonts/Flaticon.svg]
[demo.hasthemes.com/nelson-preview/nelson/assets/css/plugins/images/ui-icons_444444_256x240.png]
[demo.hasthemes.com/nelson-preview/nelson/assets/css/plugins/images/ui-icons_555555_256x240.png]
[demo.hasthemes.com/nelson-preview/nelson/assets/css/plugins/images/ui-icons_ffffff_256x240.png]
[demo.hasthemes.com/nelson-preview/nelson/assets/css/plugins/images/ui-icons_777620_256x240.png]
[demo.hasthemes.com/nelson-preview/nelson/assets/css/plugins/images/ui-icons_cc0000_256x240.png]
[demo.hasthemes.com/nelson-preview/nelson/assets/css/plugins/images/ui-icons_777777_256x240.png]
[demo.hasthemes.com/nelson-preview/nelson/assets/images/icons/quote-left.png]
